
> starter_helpi@0.1.0 test
> react-scripts test --coverage

FAIL src/App.test.tsx
  ✕ renders learn react link (71 ms)

  ● renders learn react link

    TestingLibraryElementError: Unable to find an element with the text: /learn react/i. This could be because the text is broken up by multiple elements. In this case, you can provide a function for your text matcher to make your matcher more flexible.

    Ignored nodes: comments, script, style
    [36m<body>[39m
      [36m<div>[39m
        [36m<div[39m
          [33mclass[39m=[32m"container"[39m
          [33mstyle[39m=[32m"background-color: rgb(240, 248, 255); padding: 20px; border-radius: 10px;"[39m
        [36m>[39m
          [36m<nav[39m
            [33mclass[39m=[32m"p-3 rounded navbar navbar-expand-lg navbar-dark bg-dark"[39m
          [36m>[39m
            [36m<div[39m
              [33mclass[39m=[32m"d-flex justify-content-between align-items-center w-100"[39m
            [36m>[39m
              [36m<form[39m
                [33mclass[39m=[32m"d-flex"[39m
              [36m>[39m
                [36m<div[39m
                  [33mclass[39m=[32m"input-group"[39m
                [36m>[39m
                  [36m<input[39m
                    [33mclass[39m=[32m"form-control"[39m
                    [33mplaceholder[39m=[32m"Search"[39m
                    [33mstyle[39m=[32m"max-width: 200px; height: 45px;"[39m
                    [33mtype[39m=[32m"text"[39m
                    [33mvalue[39m=[32m""[39m
                  [36m/>[39m
                  [36m<button[39m
                    [33mclass[39m=[32m"btn btn-outline-light"[39m
                    [33mstyle[39m=[32m"height: 45px;"[39m
                    [33mtype[39m=[32m"button"[39m
                  [36m>[39m
                    [0mSearch[0m
                  [36m</button>[39m
                [36m</div>[39m
              [36m</form>[39m
              [36m<div[39m
                [33mclass[39m=[32m"text-center"[39m
                [33mstyle[39m=[32m"position: absolute; left: 100px; right: 50px;"[39m
              [36m>[39m
                [36m<a[39m
                  [33mclass[39m=[32m"navbar-brand"[39m
                  [33mhref[39m=[32m"#"[39m
                  [33mstyle[39m=[32m"font-size: 1.8rem; font-weight: bold; color: rgb(255, 204, 0); display: block; cursor: pointer;"[39m
                [36m>[39m
                  [0mFind Your Career![0m
                [36m</a>[39m
                [36m<div[39m
                  [33mclass[39m=[32m"justify-content-center navbar-nav"[39m
                  [33mstyle[39m=[32m"position: relative; bottom: 10px;"[39m
                [36m>[39m
                  [36m<a[39m
                    [33mclass[39m=[32m"nav-link"[39m
                    [33mdata-rr-ui-event-key[39m=[32m"#"[39m
                    [33mhref[39m=[32m"#"[39m
                    [33mrole[39m=[32m"button"[39m
                    [33mstyle[39m=[32m"color: rgb(255, 204, 0);"[39m
                    [33mtabindex[39m=[32m"0"[39m
                  [36m>[39m
                    [0mHome[0m
                  [36m</a>[39m
                  [36m<a[39m
                    [33mclass[39m=[32m"nav-link"[39m
                    [33mdata-rr-ui-event-key[39m=[32m"#"[39m
                    [33mhref[39m=[32m"#"[39m
                    [33mrole[39m=[32m"button"[39m
                    [33mstyle[39m=[32m"color: rgb(255, 204, 0);"[39m
                    [33mtabindex[39m=[32m"0"[39m
                  [36m>[39m
                    [0mSimple Quiz[0m
                  [36m</a>[39m
                  [36m<a[39m
                    [33mclass[39m=[32m"nav-link"[39m
                    [33mdata-rr-ui-event-key[39m=[32m"#"[39m
                    [33mhref[39m=[32m"#"[39m
                    [33mrole[39m=[32m"button"[39m
                    [33mstyle[39m=[32m"color: rgb(255, 204, 0);"[39m
                    [33mtabindex[39m=[32m"0"[39m
                  [36m>[39m
                    [0mDetailed Quiz[0m
                  [36m</a>[39m
                [36m</div>[39m
              [36m</div>[39m
              [36m<div>[39m
                [36m<button[39m
                  [33mclass[39m=[32m"me-2 btn btn-outline-light"[39m
                  [33mtype[39m=[32m"button"[39m
                [36m>[39m
                  [0mLogin[0m
                [36m</button>[39m
                [36m<button[39m
                  [33mclass[39m=[32m"btn btn-warning"[39m
                  [33mtype[39m=[32m"button"[39m
                [36m>[39m
                  [0mSign Up[0m
                [36m</button>[39m
              [36m</div>[39m
            [36m</div>[39m
          [36m</nav>[39m
          [36m<div[39m
            [33mclass[39m=[32m"mt-4 row"[39m
          [36m>[39m
            [36m<div[39m
              [33mclass[39m=[32m"col-md-8"[39m
            [36m>[39m
              [36m<div[39m
                [33mclass[39m=[32m"card"[39m
                [33mstyle[39m=[32m"height: 300px; background-color: white; color: rgb(51, 51, 51);"[39m
              [36m>[39m
                [36m<div[39m
                  [33mclass[39m=[32m"card-body"[39m
                [36m>[39m
                  [36m<div[39m
                    [33mclass[39m=[32m"card-title h5"[39m
                    [33mstyle[39m=[32m"font-size: 1.5rem; font-weight: bold;"[39m
                  [36m>[39m
                    [0mAbout[0m
                  [36m</div>[39m
                  [36m<p[39m
                    [33mclass[39m=[32m"card-text"[39m
                  [36m>[39m
                    [0mChoosing the right career can feel overwhelming, but we're here to help! Our career quiz is designed to guide you toward a profession that matches your skills, interests, and personality. Based on well-researched questions and career assessments, we analyze your responses to provide personalized career suggestions. Whether you're exploring options or looking for clarity, our quiz helps you discover paths that align with your strengths and passions. Start today and take the first step toward your future![0m
                  [36m</p>[39m
                [36m</div>[39m
              [36m</div>[39m
            [36m</div>[39m
            [36m<div[39m
              [33mclass[39m=[32m"col-md-4"[39m
            [36m>[39m
              [36m<img[39m
                [33malt[39m=[32m"Career Path"[39m
                [33msrc[39m=[32m"https://www.cfnc.org/media/lnrf5gv0/career-sign-post.jpg"[39m
                [33mstyle[39m=[32m"width: 100%; height: 300px; object-fit: cover; border-radius: 10px;"[39m
              [36m/>[39m
            [36m</div>[39m
          [36m</div>[39m
          [36m<div[39m
            [33mclass[39m=[32m"mt-4 row"[39m
          [36m>[39m
            [36m<div[39m
              [33mclass[39m=[32m"col-md-6"[39m
              [33mid[39m=[32m"simple-quiz"[39m
            [36m>[39m
              [36m<div[39m
                [33mclass[39m=[32m"card"[39m
                [33mstyle[39m=[32m"height: 200px; background-color: rgb(76, 175, 80); color: white;"[39m
              [36m>[39m
                [36m<div[39m
                  [33mclass[39m=[32m"card-body"[39m
                [36m>[39m
                  [36m<div[39m
                    [33mclass[39m=[32m"card-title h5"[39m
                  [36m>[39m
                    [0mSimple Quiz[0m
                  [36m</div>[39m
                  [36m<p[39m
                    [33mclass[39m=[32m"card-text"[39m
                  [36m>[39m
                    [0mOur Simple Quiz is a quick and easy way to explore career options that suit you. It's a great starting point for anyone looking for direction without spending too much time. Give it a try and discover potential career paths in minutes![0m
                  [36m</p>[39m
                  [36m<button[39m
                    [33mclass[39m=[32m"btn btn-light"[39m
                    [33mtype[39m=[32m"button"[39m
                  [36m>[39m
                    [0mGo[0m
                  [36m</button>[39m
                [36m</div>[39m
              [36m</div>[39m
            [36m</div>[39m
            [36m<div[39m
              [33mclass[39m=[32m"col-md-6"[39m
              [33mid[39m=[32m"detailed-quiz"[39m
            [36m>[39m
              [36m<div[39m
                [33mclass[39m=[32m"card"[39m
                [33mstyle[39m=[32m"height: 200px; background-color: rgb(33, 150, 243); color: white;"[39m
              [36m>[39m
                [36m<div[39m
                  [33mclass[39m=[32m"card-body"[39m
                [36m>[39m
                  [36m<div[39m
                    [33mclass[39m=[32m"card-title h5"[39m
                  [36m>[39m
                    [0mDetailed Quiz[0m
                  [36m</div>[39m
                  [36m<p[39m
                    [33mclass[39m=[32m"card-text"[39m
                  [36m>[39m
                    [0mThe Detailed Quiz provides an in-depth analysis of your skills, interests, and personality to help you find the best career path.[0m
                  [36m</p>[39m
                  [36m<button[39m
                    [33mclass[39m=[32m"btn btn-light"[39m
                    [33mtype[39m=[32m"button"[39m
                  [36m>[39m
                    [0mGo[0m
                  [36m</button>[39m
                [36m</div>[39m
              [36m</div>[39m
            [36m</div>[39m
          [36m</div>[39m
          [36m<div[39m
            [33mclass[39m=[32m"mt-4 row"[39m
          [36m>[39m
            [36m<div[39m
              [33mclass[39m=[32m"col"[39m
            [36m>[39m
              [36m<div[39m
                [33mclass[39m=[32m"card"[39m
                [33mstyle[39m=[32m"height: 150px; background-color: white; color: rgb(51, 51, 51);"[39m
              [36m>[39m
                [36m<div[39m
                  [33mclass[39m=[32m"card-body"[39m
                [36m>[39m
                  [36m<div[39m
                    [33mclass[39m=[32m"card-title h5"[39m
                  [36m>[39m
                    [0mFeedback[0m
                  [36m</div>[39m
                  [36m<form[39m
                    [33mclass[39m=[32m""[39m
                  [36m>[39m
                    [36m<div>[39m
                      [36m<label[39m
                        [33mclass[39m=[32m"form-label"[39m
                      [36m>[39m
                        [0mMessage[0m
                      [36m</label>[39m
                      [36m<textarea[39m
                        [33mclass[39m=[32m"form-control"[39m
                        [33mname[39m=[32m"message"[39m
                        [33mrows[39m=[32m"2"[39m
                      [36m/>[39m
                    [36m</div>[39m
                    [36m<button[39m
                      [33mclass[39m=[32m"btn btn-dark"[39m
                      [33mtype[39m=[32m"button"[39m
                    [36m>[39m
                      [0mSubmit[0m
                    [36m</button>[39m
                  [36m</form>[39m
                [36m</div>[39m
              [36m</div>[39m
            [36m</div>[39m
          [36m</div>[39m
        [36m</div>[39m
      [36m</div>[39m
    [36m</body>[39m

       5 | test('renders learn react link', () => {
       6 |   render(<App />);
    >  7 |   const linkElement = screen.getByText(/learn react/i);
         |                              ^
       8 |   expect(linkElement).toBeInTheDocument();
       9 | });
      10 |

      at Object.getElementError (node_modules/@testing-library/react/node_modules/@testing-library/dom/dist/config.js:37:19)
      at node_modules/@testing-library/react/node_modules/@testing-library/dom/dist/query-helpers.js:76:38
      at node_modules/@testing-library/react/node_modules/@testing-library/dom/dist/query-helpers.js:52:17
      at getByText (node_modules/@testing-library/react/node_modules/@testing-library/dom/dist/query-helpers.js:95:19)
      at Object.<anonymous> (src/App.test.tsx:7:30)
      at TestScheduler.scheduleTests (node_modules/@jest/core/build/TestScheduler.js:333:13)
      at runJest (node_modules/@jest/core/build/runJest.js:404:19)
      at _run10000 (node_modules/@jest/core/build/cli/index.js:320:7)
      at runCLI (node_modules/@jest/core/build/cli/index.js:173:3)

--------------------|---------|----------|---------|---------|-------------------
File                | % Stmts | % Branch | % Funcs | % Lines | Uncovered Line #s 
--------------------|---------|----------|---------|---------|-------------------
All files           |   19.67 |       40 |    7.69 |   27.27 |                   
 App.tsx            |      75 |    66.66 |      50 |      75 | 12                
 DetailedQuiz.tsx   |    7.69 |      100 |       0 |    12.5 | 5-56              
 HomePage.tsx       |      35 |      100 |      10 |   53.84 | 38-116            
 SimpleQuiz.tsx     |    7.69 |      100 |       0 |    12.5 | 5-56              
 index.tsx          |       0 |      100 |     100 |       0 | 7-19              
 reportWebVitals.ts |       0 |        0 |       0 |       0 | 3-10              
--------------------|---------|----------|---------|---------|-------------------
Test Suites: 1 failed, 1 total
Tests:       1 failed, 1 total
Snapshots:   0 total
Time:        3.014 s
Ran all test suites.
[0;33mOne of your dependencies, babel-preset-react-app, is importing the
"@babel/plugin-proposal-private-property-in-object" package without
declaring it in its dependencies. This is currently working because
"@babel/plugin-proposal-private-property-in-object" is already in your
node_modules folder for unrelated reasons, but it [1mmay break at any time[0;33m.

babel-preset-react-app is part of the create-react-app project, [1mwhich
is not maintianed anymore[0;33m. It is thus unlikely that this bug will
ever be fixed. Add "@babel/plugin-proposal-private-property-in-object" to
your devDependencies to work around this error. This will make this message
go away.[0m
  
